[cevendrell.com/index.html]
[backblue.gif]
[fade.gif]
[index.html]
[cevendrell.com/cart.html]
[cevendrell.com/contact.html]
[cevendrell.com/travel-map.html]
[cevendrell.com/volunteering.html]
[cevendrell.com/gallery.html]
[cevendrell.com/northern-lights.html]
[cevendrell.com/xr-videos.html]
[cevendrell.com/reality-capture.html]
[cevendrell.com/ai-projects.html]
[cevendrell.com/home.html]
[cevendrell.com/index.html]
[cevendrell.com/cart.html]
[cevendrell.com/contact.html]
[cevendrell.com/travel-mapbc7e.html]
[cevendrell.com/travel-mape32f.html]
[cevendrell.com/travel-map4ef8.html]
[cevendrell.com/travel-mapac20.html]
[cevendrell.com/travel-mapa9b3.html]
[cevendrell.com/travel-mapcefd.html]
[cevendrell.com/travel-map651f.html]
[cevendrell.com/travel-map5d10.html]
[cevendrell.com/travel-map94de.html]
[cevendrell.com/travel-map9438.html]
[cevendrell.com/travel-map43d9.html]
[cevendrell.com/travel-map8cd9.html]
[cevendrell.com/travel-map40b6.html]
[cevendrell.com/travel-map7f62.html]
[cevendrell.com/travel-mapf7ad.html]
[cevendrell.com/travel-mapc47f.html]
[cevendrell.com/travel-mapd67b.html]
[cevendrell.com/travel-mapa2d5.html]
[cevendrell.com/travel-mape70d.html]
[cevendrell.com/travel-mapeac7.html]
[cevendrell.com/travel-map7736.html]
[cevendrell.com/travel-map41d2.html]
[cevendrell.com/travel-map7bb7.html]
[cevendrell.com/travel-map865c.html]
[cevendrell.com/travel-mapd497.html]
[cevendrell.com/travel-mapb50d.html]
[cevendrell.com/travel-mapf76b.html]
[cevendrell.com/travel-map9354.html]
[cevendrell.com/travel-map098a.html]
[cevendrell.com/travel-map9f43.html]
[cevendrell.com/travel-mapfaee.html]
[cevendrell.com/travel-mapd774.html]
[cevendrell.com/travel-map21e9.html]
[cevendrell.com/travel-map7fa7.html]
[cevendrell.com/travel-map5cbe.html]
[cevendrell.com/travel-mapa94e.html]
[cevendrell.com/travel-mapae2f.html]
[cevendrell.com/travel-mapee5e.html]
[cevendrell.com/travel-map0a99.html]
[cevendrell.com/travel-map0d32.html]
[cevendrell.com/travel-mapf9a4.html]
[cevendrell.com/travel-map295c.html]
[cevendrell.com/travel-map1ae9.html]
[cevendrell.com/travel-map35e4.html]
[cevendrell.com/travel-map9e93.html]
[cevendrell.com/travel-mapefb1.html]
[cevendrell.com/travel-map92b8.html]
[cevendrell.com/travel-mapd5bd.html]
[cevendrell.com/travel-map9e51.html]
[cevendrell.com/travel-map9d12.html]
[cevendrell.com/travel-map06a2.html]
[cevendrell.com/travel-map2a68.html]
[cevendrell.com/travel-map1b4a.html]
[cevendrell.com/travel-map02f9.html]
[cevendrell.com/travel-map0987.html]
[cevendrell.com/travel-mapb2c1.html]
[cevendrell.com/travel-mapb528.html]
[cevendrell.com/travel-map3511.html]
[cevendrell.com/travel-mapbb81.html]
[cevendrell.com/travel-map4cf6.html]
[cevendrell.com/travel-map52ee.html]
[cevendrell.com/travel-map8ab0.html]
[cevendrell.com/travel-map3e96.html]
[cevendrell.com/travel-map0115.html]
[cevendrell.com/travel-map5dcc.html]
[cevendrell.com/travel-mapf4a9.html]
[cevendrell.com/travel-map7770.html]
[cevendrell.com/travel-map4cab.html]
[cevendrell.com/travel-map97ad.html]
[cevendrell.com/travel-map49f9.html]
[cevendrell.com/travel-map0d35.html]
[cevendrell.com/travel-map02b1.html]
[cevendrell.com/travel-map84c1.html]
[cevendrell.com/travel-map97ba.html]
[cevendrell.com/travel-mapcec8.html]
[cevendrell.com/travel-map6764.html]
[cevendrell.com/travel-map7f93.html]
[cevendrell.com/travel-map0b95.html]
[cevendrell.com/travel-mapb9d5.html]
[cevendrell.com/travel-mapeb74.html]
[cevendrell.com/travel-mapf59c.html]
[cevendrell.com/travel-mapa938.html]
[cevendrell.com/travel-map4f1a.html]
[cevendrell.com/travel-map83f2.html]
[cevendrell.com/travel-map741e.html]
[cevendrell.com/travel-map85c3.html]
[cevendrell.com/travel-map398f.html]
[cevendrell.com/travel-map63f0.html]
[cevendrell.com/travel-map287e.html]
[cevendrell.com/travel-mapa16a.html]
[cevendrell.com/travel-map0f9a.html]
[cevendrell.com/travel-map5341.html]
[cevendrell.com/travel-mapb0e1.html]
[cevendrell.com/travel-map2510.html]
[cevendrell.com/travel-map5197.html]
[cevendrell.com/travel-mape2d3.html]
[cevendrell.com/travel-map54e3.html]
[cevendrell.com/travel-map9da0.html]
[cevendrell.com/travel-map5dd7.html]
[cevendrell.com/travel-map36e6.html]
[cevendrell.com/travel-map9470.html]
[cevendrell.com/travel-map1547.html]
[cevendrell.com/travel-map7e1f.html]
[cevendrell.com/travel-map9a08.html]
[cevendrell.com/travel-mapdef5.html]
[cevendrell.com/travel-map7c8d.html]
[cevendrell.com/travel-map8aec.html]
[cevendrell.com/travel-map.html]
[cevendrell.com/volunteering.html]
[cevendrell.com/flight-log.html]
[cevendrell.com/dive-log.html]
[cevendrell.com/travel-mapb33b.html]
[cevendrell.com/gallery029b.html]
[cevendrell.com/gallery724b.html]
[cevendrell.com/gallery5f0b.html]
[cevendrell.com/gallery0396.html]
[cevendrell.com/gallery02b5.html]
[cevendrell.com/galleryaa2c.html]
[cevendrell.com/galleryfc23.html]
[cevendrell.com/galleryd3a3.html]
[cevendrell.com/gallery9955.html]
[cevendrell.com/galleryef37.html]
[cevendrell.com/gallery67cd.html]
[cevendrell.com/galleryddce.html]
[cevendrell.com/gallery3652.html]
[cevendrell.com/galleryb576.html]
[cevendrell.com/galleryf6ce.html]
[cevendrell.com/gallery73c3.html]
[cevendrell.com/gallery71f1.html]
[cevendrell.com/gallerya171.html]
[cevendrell.com/gallery7e71.html]
[cevendrell.com/gallery2400.html]
[cevendrell.com/gallerye7cd.html]
[cevendrell.com/galleryba54.html]
[cevendrell.com/gallery3106.html]
[cevendrell.com/gallery400f.html]
[cevendrell.com/gallery.html]
[cevendrell.com/gallery5899.html]
[cevendrell.com/northern-lights8535.html]
[cevendrell.com/northern-lightsf703.html]
[cevendrell.com/northern-lights58ea.html]
[cevendrell.com/northern-lights6c3c.html]
[cevendrell.com/northern-lightsf8dd.html]
[cevendrell.com/northern-lights0a8f.html]
[cevendrell.com/northern-lights573d.html]
[cevendrell.com/northern-lights1e0a.html]
[cevendrell.com/northern-lights567c.html]
[cevendrell.com/northern-lights.html]
[cevendrell.com/northern-lightsf4b5.html]
[cevendrell.com/_https_/www.youtube.com/embed/HCgsgtzPAnQ.b654b2.delayed]
[cevendrell.com/_https_/player.vimeo.com/video/864666368.b74f9a.delayed]
[cevendrell.com/xr-videos.html]
[cevendrell.com/reality-capture.html]
[cevendrell.com/ai-projects/mini-world-me.html]
[cevendrell.com/ai-projects/background-artist.html]
[cevendrell.com/ai-projects.html]
[cevendrell.com/home.html]
[cevendrell.com/universal/svg/social-accounts.svg]
[cevendrell.com/travel-mapbc7e.html]
[cevendrell.com/travel-mape32f.html]
[cevendrell.com/travel-map4ef8.html]
[cevendrell.com/travel-mapac20.html]
[cevendrell.com/travel-mapa9b3.html]
[cevendrell.com/travel-mapcefd.html]
[cevendrell.com/travel-map651f.html]
[cevendrell.com/travel-map5d10.html]
[cevendrell.com/travel-map94de.html]
[cevendrell.com/travel-map9438.html]
[cevendrell.com/travel-map43d9.html]
[cevendrell.com/travel-map8cd9.html]
[cevendrell.com/travel-map40b6.html]
[cevendrell.com/travel-map7f62.html]
[cevendrell.com/travel-mapf7ad.html]
[cevendrell.com/travel-mapc47f.html]
[cevendrell.com/travel-mapd67b.html]
[cevendrell.com/travel-mapa2d5.html]
[cevendrell.com/travel-mape70d.html]
[cevendrell.com/travel-mapeac7.html]
[cevendrell.com/travel-map7736.html]
[cevendrell.com/travel-map41d2.html]
[cevendrell.com/travel-map7bb7.html]
[cevendrell.com/travel-map865c.html]
[cevendrell.com/travel-mapd497.html]
[cevendrell.com/travel-mapb50d.html]
[cevendrell.com/travel-mapf76b.html]
[cevendrell.com/travel-map9354.html]
[cevendrell.com/travel-map098a.html]
[cevendrell.com/travel-map9f43.html]
[cevendrell.com/travel-mapfaee.html]
[cevendrell.com/travel-mapd774.html]
[cevendrell.com/travel-map21e9.html]
[cevendrell.com/travel-map7fa7.html]
[cevendrell.com/travel-map5cbe.html]
[cevendrell.com/travel-mapa94e.html]
[cevendrell.com/travel-mapae2f.html]
[cevendrell.com/travel-mapee5e.html]
[cevendrell.com/travel-map0a99.html]
[cevendrell.com/travel-map0d32.html]
[cevendrell.com/travel-mapf9a4.html]
[cevendrell.com/travel-map295c.html]
[cevendrell.com/travel-map1ae9.html]
[cevendrell.com/travel-map35e4.html]
[cevendrell.com/travel-map9e93.html]
[cevendrell.com/travel-mapefb1.html]
[cevendrell.com/travel-map92b8.html]
[cevendrell.com/travel-mapd5bd.html]
[cevendrell.com/travel-map9e51.html]
[cevendrell.com/travel-map9d12.html]
[cevendrell.com/travel-map06a2.html]
[cevendrell.com/travel-map2a68.html]
[cevendrell.com/travel-map1b4a.html]
[cevendrell.com/travel-map02f9.html]
[cevendrell.com/travel-map0987.html]
[cevendrell.com/travel-mapb2c1.html]
[cevendrell.com/travel-mapb528.html]
[cevendrell.com/travel-map3511.html]
[cevendrell.com/travel-mapbb81.html]
[cevendrell.com/travel-map4cf6.html]
[cevendrell.com/travel-map52ee.html]
[cevendrell.com/travel-map8ab0.html]
[cevendrell.com/travel-map3e96.html]
[cevendrell.com/travel-map0115.html]
[cevendrell.com/travel-map5dcc.html]
[cevendrell.com/travel-mapf4a9.html]
[cevendrell.com/travel-map7770.html]
[cevendrell.com/travel-map4cab.html]
[cevendrell.com/travel-map97ad.html]
[cevendrell.com/travel-map49f9.html]
[cevendrell.com/travel-map0d35.html]
[cevendrell.com/travel-map02b1.html]
[cevendrell.com/travel-map84c1.html]
[cevendrell.com/travel-map97ba.html]
[cevendrell.com/travel-mapcec8.html]
[cevendrell.com/travel-map6764.html]
[cevendrell.com/travel-map7f93.html]
[cevendrell.com/travel-map0b95.html]
[cevendrell.com/travel-mapb9d5.html]
[cevendrell.com/travel-mapeb74.html]
[cevendrell.com/travel-mapf59c.html]
[cevendrell.com/travel-mapa938.html]
[cevendrell.com/travel-map4f1a.html]
[cevendrell.com/travel-map83f2.html]
[cevendrell.com/travel-map741e.html]
[cevendrell.com/travel-map85c3.html]
[cevendrell.com/travel-map398f.html]
[cevendrell.com/travel-map63f0.html]
[cevendrell.com/travel-map287e.html]
[cevendrell.com/travel-mapa16a.html]
[cevendrell.com/travel-map0f9a.html]
[cevendrell.com/travel-map5341.html]
[cevendrell.com/travel-mapb0e1.html]
[cevendrell.com/travel-map2510.html]
[cevendrell.com/travel-map5197.html]
[cevendrell.com/travel-mape2d3.html]
[cevendrell.com/travel-map54e3.html]
[cevendrell.com/travel-map9da0.html]
[cevendrell.com/travel-map5dd7.html]
[cevendrell.com/travel-map36e6.html]
[cevendrell.com/travel-map9470.html]
[cevendrell.com/travel-map1547.html]
[cevendrell.com/travel-map7e1f.html]
[cevendrell.com/travel-map9a08.html]
[cevendrell.com/travel-mapdef5.html]
[cevendrell.com/travel-map7c8d.html]
[cevendrell.com/travel-map8aec.html]
[cevendrell.com/travel-mapb33b.html]
[cevendrell.com/gallery029b.html]
[cevendrell.com/gallery724b.html]
[cevendrell.com/gallery5f0b.html]
[cevendrell.com/gallery0396.html]
[cevendrell.com/gallery02b5.html]
[cevendrell.com/galleryaa2c.html]
[cevendrell.com/galleryfc23.html]
[cevendrell.com/galleryd3a3.html]
[cevendrell.com/gallery9955.html]
[cevendrell.com/galleryef37.html]
[cevendrell.com/gallery67cd.html]
[cevendrell.com/galleryddce.html]
[cevendrell.com/gallery3652.html]
[cevendrell.com/galleryb576.html]
[cevendrell.com/galleryf6ce.html]
[cevendrell.com/gallery73c3.html]
[cevendrell.com/gallery71f1.html]
[cevendrell.com/gallerya171.html]
[cevendrell.com/gallery7e71.html]
[cevendrell.com/gallery2400.html]
[cevendrell.com/gallerye7cd.html]
[cevendrell.com/galleryba54.html]
[cevendrell.com/gallery3106.html]
[cevendrell.com/gallery400f.html]
[cevendrell.com/gallery5899.html]
[cevendrell.com/northern-lights8535.html]
[cevendrell.com/northern-lightsf703.html]
[cevendrell.com/northern-lights58ea.html]
[cevendrell.com/northern-lights6c3c.html]
[cevendrell.com/northern-lightsf8dd.html]
[cevendrell.com/northern-lights0a8f.html]
[cevendrell.com/northern-lights573d.html]
[cevendrell.com/northern-lights1e0a.html]
[cevendrell.com/northern-lights567c.html]
[cevendrell.com/northern-lightsf4b5.html]
[cevendrell.com/_https_/www.youtube.com/embed/7PIofyUpub0250f.html]
[cevendrell.com/_https_/www.youtube.com/embed/HCgsgtzPAnQ54b2.html]
[cevendrell.com/_https_/player.vimeo.com/video/8646663684f9a.html]
[cevendrell.com/ai-projects/mini-world-me.html]
[cevendrell.com/ai-projects/background-artist.html]
[cevendrell.com/ai-projects/photography-review.html]
[cevendrell.com/ai-projects/photography-review.html]
